<html>
<body>
<pre>
<h1>礦ision Build Log</h1>
<h2>Tool Versions:</h2>
IDE-Version: μVision V5.14.0.0
Copyright (C) 2015 ARM Ltd and ARM Germany GmbH. All rights reserved.
License Information: 123 21007, 123, LIC=65ISZ-JHMYJ-WFSI7-ES73Y-67JG1-6DRP2
 
Tool Versions:
Toolchain:       MDK-ARM Standard  Version: 5.14.0.0
Toolchain Path:  C:\Keil_v5\ARM\ARMCC\Bin
C Compiler:      Armcc.exe V5.05 update 1 (build 106)
Assembler:       Armasm.exe V5.05 update 1 (build 106)
Linker/Locator:  ArmLink.exe V5.05 update 1 (build 106)
Library Manager: ArmAr.exe V5.05 update 1 (build 106)
Hex Converter:   FromElf.exe V5.05 update 1 (build 106)
CPU DLL:         SARMCM3.DLL V5.14.0.0
Dialog DLL:      DARMSTM.DLL V1.65.0.0
Target DLL:      Segger\JL2CM3.dll V2.99.13.0
Dialog DLL:      TARMSTM.DLL V1.64.0.0
 
<h2>Project:</h2>
H:\folow\带佬修改过的\X-Bot Firmware\X-Bot Firmware\_project\Template.uvprojx
Project File Date:  09/17/2021

<h2>Output:</h2>
Build target 'STM32'
compiling spindle_control.c...
..\GRBL_0.9j\spindle_control.c(113): warning:  #177-D: variable "current_pwm" was declared but never referenced
        uint16_t current_pwm;
..\GRBL_0.9j\spindle_control.c: 1 warning, 0 errors
linking...
Program Size: Code=44076 RO-data=1040 RW-data=76 ZI-data=5260  
FromELF: creating hex file...
".\_obj\Template.axf" - 0 Error(s), 1 Warning(s).

<h2>Collection of Component include folders:</h2>
  H:\folow\带佬修改过的\X-Bot Firmware\X-Bot Firmware\_project\RTE
  C:\Keil_v5\ARM\PACK\Keil\STM32F1xx_DFP\1.1.0\Device\Include

<h2>Collection of Component Files used:</h2>
</pre>
</body>
</html>
